Processing data for class: UDHB
14
14
A25N0038P
A25N0038P
A25N0038P
A25N0038P
A25N0038P
A25N0038P
A25N0038P
A25N0038P
A25N0038P
A25N0038P
A25N0038P
A25N0038P
A25N0038P
A25N0038P
A25N0038P
A25N0038P
A25N0038P
A25N0038P
A25N0038P
A25N0038P
A25N0038P
A25N0038P
A25N0038P
A25N0038P
A25N0038P
A25N0038P
A25N0038P
A25N0038P
A25N0038P
A25N0038P
A25N0038P
A25N0038P
A25N0038P
A25N0038P
A25N0038P
A25N0038P
Z209675
Z209675
f23bo283p
f23bo283p
Traceback (most recent call last):
  File "/home/jupyter-vojta/notebooks/pribehy-dat/management/kontrola-auto.py", line 112, in <module>
    process_class_data(config)
  File "/home/jupyter-vojta/notebooks/pribehy-dat/management/kontrola-auto.py", line 63, in process_class_data
    students_df = pd.read_csv(f"../data/students_data/{students_file}", sep=";", encoding='cp1250')
                  ^^^^^^^^^^^^^^^^^^^^^^^^^^^^^^^^^^^^^^^^^^^^^^^^^^^^^^^^^^^^^^^^^^^^^^^^^^^^^^^^^
  File "/home/jupyter-vojta/notebooks/pribehy-dat/pribehy_venv/lib/python3.12/site-packages/pandas/io/parsers/readers.py", line 1026, in read_csv
    return _read(filepath_or_buffer, kwds)
           ^^^^^^^^^^^^^^^^^^^^^^^^^^^^^^^
  File "/home/jupyter-vojta/notebooks/pribehy-dat/pribehy_venv/lib/python3.12/site-packages/pandas/io/parsers/readers.py", line 620, in _read
    parser = TextFileReader(filepath_or_buffer, **kwds)
             ^^^^^^^^^^^^^^^^^^^^^^^^^^^^^^^^^^^^^^^^^^
  File "/home/jupyter-vojta/notebooks/pribehy-dat/pribehy_venv/lib/python3.12/site-packages/pandas/io/parsers/readers.py", line 1620, in __init__
    self._engine = self._make_engine(f, self.engine)
                   ^^^^^^^^^^^^^^^^^^^^^^^^^^^^^^^^^
  File "/home/jupyter-vojta/notebooks/pribehy-dat/pribehy_venv/lib/python3.12/site-packages/pandas/io/parsers/readers.py", line 1880, in _make_engine
    self.handles = get_handle(
                   ^^^^^^^^^^^
  File "/home/jupyter-vojta/notebooks/pribehy-dat/pribehy_venv/lib/python3.12/site-packages/pandas/io/common.py", line 873, in get_handle
    handle = open(
             ^^^^^
FileNotFoundError: [Errno 2] No such file or directory: '../data/students_data/UDHB_students2026.csv'
Processing data for class: UDHB
14
14
A25N0038P
A25N0038P
A25N0038P
A25N0038P
A25N0038P
A25N0038P
A25N0038P
A25N0038P
A25N0038P
A25N0038P
A25N0038P
A25N0038P
A25N0038P
A25N0038P
A25N0038P
A25N0038P
A25N0038P
A25N0038P
A25N0038P
A25N0038P
A25N0038P
A25N0038P
A25N0038P
A25N0038P
A25N0038P
A25N0038P
A25N0038P
A25N0038P
A25N0038P
A25N0038P
A25N0038P
A25N0038P
A25N0038P
A25N0038P
A25N0038P
A25N0038P
Z209675
Z209675
f23bo283p
f23bo283p
Successfully uploaded data for UDHB to sheet: udhb_2026-04-07
Processing data for class: KDDHB
14
14
A25N0038P
A25N0038P
A25N0038P
A25N0038P
A25N0038P
A25N0038P
A25N0038P
A25N0038P
A25N0038P
A25N0038P
A25N0038P
A25N0038P
A25N0038P
A25N0038P
A25N0038P
A25N0038P
A25N0038P
A25N0038P
A25N0038P
A25N0038P
A25N0038P
A25N0038P
A25N0038P
A25N0038P
A25N0038P
A25N0038P
A25N0038P
A25N0038P
A25N0038P
A25N0038P
A25N0038P
A25N0038P
A25N0038P
A25N0038P
A25N0038P
A25N0038P
Z209675
Z209675
f23bo283p
f23bo283p
Successfully uploaded data for KDDHB to sheet: kddhb_2026-04-07
Processing data for class: UDHB
14
14
A25N0038P
A25N0038P
A25N0038P
A25N0038P
A25N0038P
A25N0038P
A25N0038P
A25N0038P
A25N0038P
A25N0038P
A25N0038P
A25N0038P
A25N0038P
A25N0038P
A25N0038P
A25N0038P
A25N0038P
A25N0038P
A25N0038P
A25N0038P
A25N0038P
A25N0038P
A25N0038P
A25N0038P
A25N0038P
A25N0038P
A25N0038P
A25N0038P
A25N0038P
A25N0038P
A25N0038P
A25N0038P
A25N0038P
A25N0038P
A25N0038P
A25N0038P
Z209675
Z209675
f23bo283p
f23bo283p
Successfully uploaded data for UDHB to sheet: udhb_2026-04-14
Processing data for class: KDDHB
14
14
A25N0038P
A25N0038P
A25N0038P
A25N0038P
A25N0038P
A25N0038P
A25N0038P
A25N0038P
A25N0038P
A25N0038P
A25N0038P
A25N0038P
A25N0038P
A25N0038P
A25N0038P
A25N0038P
A25N0038P
A25N0038P
A25N0038P
A25N0038P
A25N0038P
A25N0038P
A25N0038P
A25N0038P
A25N0038P
A25N0038P
A25N0038P
A25N0038P
A25N0038P
A25N0038P
A25N0038P
A25N0038P
A25N0038P
A25N0038P
A25N0038P
A25N0038P
Z209675
Z209675
f23bo283p
f23bo283p
Successfully uploaded data for KDDHB to sheet: kddhb_2026-04-14
Processing data for class: UDHB
14
14
A25N0038P
A25N0038P
A25N0038P
A25N0038P
A25N0038P
A25N0038P
A25N0038P
A25N0038P
A25N0038P
A25N0038P
A25N0038P
A25N0038P
A25N0038P
A25N0038P
A25N0038P
A25N0038P
A25N0038P
A25N0038P
A25N0038P
A25N0038P
A25N0038P
A25N0038P
A25N0038P
A25N0038P
A25N0038P
A25N0038P
A25N0038P
A25N0038P
A25N0038P
A25N0038P
A25N0038P
A25N0038P
A25N0038P
A25N0038P
A25N0038P
A25N0038P
Z209675
Z209675
f23bo283p
f23bo283p
Successfully uploaded data for UDHB to sheet: udhb_2026-04-21
Processing data for class: KDDHB
14
14
A25N0038P
A25N0038P
A25N0038P
A25N0038P
A25N0038P
A25N0038P
A25N0038P
A25N0038P
A25N0038P
A25N0038P
A25N0038P
A25N0038P
A25N0038P
A25N0038P
A25N0038P
A25N0038P
A25N0038P
A25N0038P
A25N0038P
A25N0038P
A25N0038P
A25N0038P
A25N0038P
A25N0038P
A25N0038P
A25N0038P
A25N0038P
A25N0038P
A25N0038P
A25N0038P
A25N0038P
A25N0038P
A25N0038P
A25N0038P
A25N0038P
A25N0038P
Z209675
Z209675
f23bo283p
f23bo283p
Successfully uploaded data for KDDHB to sheet: kddhb_2026-04-21
Processing data for class: UDHB
14
14
A25N0038P
A25N0038P
A25N0038P
A25N0038P
A25N0038P
A25N0038P
A25N0038P
A25N0038P
A25N0038P
A25N0038P
A25N0038P
A25N0038P
A25N0038P
A25N0038P
A25N0038P
A25N0038P
A25N0038P
A25N0038P
A25N0038P
A25N0038P
A25N0038P
A25N0038P
A25N0038P
A25N0038P
A25N0038P
A25N0038P
A25N0038P
A25N0038P
A25N0038P
A25N0038P
A25N0038P
A25N0038P
A25N0038P
A25N0038P
A25N0038P
A25N0038P
Z209675
Z209675
f23bo283p
f23bo283p
Successfully uploaded data for UDHB to sheet: udhb_2026-04-28
Processing data for class: KDDHB
14
14
A25N0038P
A25N0038P
A25N0038P
A25N0038P
A25N0038P
A25N0038P
A25N0038P
A25N0038P
A25N0038P
A25N0038P
A25N0038P
A25N0038P
A25N0038P
A25N0038P
A25N0038P
A25N0038P
A25N0038P
A25N0038P
A25N0038P
A25N0038P
A25N0038P
A25N0038P
A25N0038P
A25N0038P
A25N0038P
A25N0038P
A25N0038P
A25N0038P
A25N0038P
A25N0038P
A25N0038P
A25N0038P
A25N0038P
A25N0038P
A25N0038P
A25N0038P
Z209675
Z209675
f23bo283p
f23bo283p
Successfully uploaded data for KDDHB to sheet: kddhb_2026-04-28
Processing data for class: UDHB
0406105425
0406105425
0406105425
0406105425
14
14
Worksheet with name 'udhb_2026-05-05' already exists for UDHB. Trying another name...
Successfully uploaded data for UDHB to sheet: udhb_2026-05-05_1
Processing data for class: KDDHB
0406105425
0406105425
0406105425
0406105425
14
14
Worksheet with name 'kddhb_2026-05-05' already exists for KDDHB. Trying another name...
Worksheet with name 'kddhb_2026-05-05_1' already exists for KDDHB. Trying another name...
Successfully uploaded data for KDDHB to sheet: kddhb_2026-05-05_2
Processing data for class: UDHB
0406105425
0406105425
0406105425
0406105425
14
14
Successfully uploaded data for UDHB to sheet: udhb_2026-05-12
Processing data for class: KDDHB
0406105425
0406105425
0406105425
0406105425
14
14
Successfully uploaded data for KDDHB to sheet: kddhb_2026-05-12
Processing data for class: UDHB
0406105425
0406105425
0406105425
0406105425
14
14
Successfully uploaded data for UDHB to sheet: udhb_2026-05-19
Processing data for class: KDDHB
0406105425
0406105425
0406105425
0406105425
14
14
Successfully uploaded data for KDDHB to sheet: kddhb_2026-05-19
Processing data for class: UDHB
0406105425
0406105425
0406105425
0406105425
14
14
Successfully uploaded data for UDHB to sheet: udhb_2026-05-26
Processing data for class: KDDHB
0406105425
0406105425
0406105425
0406105425
14
14
Successfully uploaded data for KDDHB to sheet: kddhb_2026-05-26
